<?xml version="1.0" encoding="UTF-8"?>
<testsuites name="jest tests" tests="1" failures="0" errors="0" time="0.874">
  <testsuite name="unit test suite" errors="0" failures="0" skipped="0" timestamp="2024-09-18T09:20:48" time="0.674" tests="1">
    <testcase classname="unit test suite should correctly calculate the age" name="unit test suite should correctly calculate the age" time="0.003">
    </testcase>
  </testsuite>
</testsuites>